******************************************************************************
                  TI ARM Linker PC v20.2.5                     
******************************************************************************
>> Linked Thu Nov 10 23:43:21 2022

OUTPUT FILE NAME:   <EL_GRAN_JAGUAR.out>
ENTRY POINT SYMBOL: "_c_int00_noargs"  address: 00001031


MEMORY CONFIGURATION

         name            origin    length      used     unused   attr    fill
----------------------  --------  ---------  --------  --------  ----  --------
  FLASH                 00000000   00040000  00001294  0003ed6c  R  X
  SRAM                  20000000   00008000  00000216  00007dea  RW X


SEGMENT ALLOCATION MAP

run origin  load origin   length   init length attrs members
----------  ----------- ---------- ----------- ----- -------
00000000    00000000    00001298   00001298    r-x
  00000000    00000000    0000026c   0000026c    r-- .intvecs
  0000026c    0000026c    00000ecc   00000ecc    r-x .text
  00001138    00001138    0000012c   0000012c    r-- .const
  00001268    00001268    00000030   00000030    r-- .cinit
20000000    20000000    00000218   00000000    rw-
  20000000    20000000    00000200   00000000    rw- .stack
  20000200    20000200    0000000a   00000000    rw- .bss
  2000020c    2000020c    0000000c   00000000    rw- .data


SECTION ALLOCATION MAP

 output                                  attributes/
section   page    origin      length       input sections
--------  ----  ----------  ----------   ----------------
.intvecs   0    00000000    0000026c     
                  00000000    0000026c     tm4c123gh6pm_startup_ccs.obj (.intvecs)

.text      0    0000026c    00000ecc     
                  0000026c    000004dc     uartstdio.obj (.text)
                  00000748    000003ac     main.obj (.text)
                  00000af4    00000132     driverlib.lib : gpio.obj (.text:GPIOPadConfigSet)
                  00000c26    00000002     rtsv7M4_T_le_v4SPD16_eabi.lib : div0.asm.obj (.text)
                  00000c28    00000110     driverlib.lib : sysctl.obj (.text:SysCtlClockGet)
                  00000d38    000000f4                   : sysctl.obj (.text:SysCtlClockSet)
                  00000e2c    0000009c     rtsv7M4_T_le_v4SPD16_eabi.lib : memcpy_t2.asm.obj (.text)
                  00000ec8    00000068                                   : copy_decompress_lzss.c.obj (.text:decompress:lzss:__TI_decompress_lzss)
                  00000f30    00000048     driverlib.lib : gpio.obj (.text:GPIOPinConfigure)
                  00000f78    00000044     rtsv7M4_T_le_v4SPD16_eabi.lib : autoinit.c.obj (.text:__TI_auto_init_nobinit_nopinit:__TI_auto_init_nobinit_nopinit)
                  00000fbc    00000040                                   : u_divt2.asm.obj (.text)
                  00000ffc    00000034     driverlib.lib : sysctl.obj (.text:SysCtlPeripheralEnable)
                  00001030    00000034     rtsv7M4_T_le_v4SPD16_eabi.lib : boot_cortex_m.c.obj (.text:_c_int00_noargs:_c_int00_noargs)
                  00001064    0000002a     driverlib.lib : gpio.obj (.text:GPIODirModeSet)
                  0000108e    0000001c     rtsv7M4_T_le_v4SPD16_eabi.lib : copy_zero_init.c.obj (.text:decompress:ZI:__TI_zero_init_nomemset:__TI_zero_init_nomemset)
                  000010aa    00000018     driverlib.lib : gpio.obj (.text:GPIOPinTypeGPIOOutput)
                  000010c2    00000012                   : gpio.obj (.text:GPIOPinTypeGPIOInput)
                  000010d4    00000012                   : gpio.obj (.text:GPIOPinTypeUART)
                  000010e6    0000000e                   : uart.obj (.text:UARTCharsAvail)
                  000010f4    0000000e     rtsv7M4_T_le_v4SPD16_eabi.lib : copy_decompress_none.c.obj (.text:decompress:none:__TI_decompress_none)
                  00001102    0000000c     tm4c123gh6pm_startup_ccs.obj (.text)
                  0000110e    0000000a     driverlib.lib : uart.obj (.text:UARTCharGet)
                  00001118    00000006                   : gpio.obj (.text:GPIOPinRead)
                  0000111e    00000006                   : gpio.obj (.text:GPIOPinWrite)
                  00001124    00000006                   : sysctl.obj (.text:SysCtlDelay)
                  0000112a    00000006                   : uart.obj (.text:UARTClockSourceSet)
                  00001130    00000004     rtsv7M4_T_le_v4SPD16_eabi.lib : pre_init.c.obj (.text:_system_pre_init)
                  00001134    00000004                                   : exit.c.obj (.text:abort:abort)

.const     0    00001138    0000012c     
                  00001138    00000090     driverlib.lib : gpio.obj (.const:g_pui32GPIOBaseAddrs)
                  000011c8    0000006c                   : sysctl.obj (.const:g_pui32Xtals)
                  00001234    00000012     uartstdio.obj (.const:.string)
                  00001246    00000002     --HOLE-- [fill = 0]
                  00001248    0000000c     uartstdio.obj (.const:g_ui32UARTBase)
                  00001254    0000000c     uartstdio.obj (.const:g_ui32UARTPeriph)
                  00001260    00000004     uartstdio.obj (.const)

.cinit     0    00001268    00000030     
                  00001268    0000000c     (__TI_handler_table)
                  00001274    00000004     --HOLE-- [fill = 0]
                  00001278    00000008     (.cinit..bss.load) [load image, compression = zero_init]
                  00001280    00000007     (.cinit..data.load) [load image, compression = lzss]
                  00001287    00000001     --HOLE-- [fill = 0]
                  00001288    00000010     (__TI_cinit_table)

.init_array 
*          0    00000000    00000000     UNINITIALIZED

.bss       0    20000200    0000000a     UNINITIALIZED
                  20000200    00000008     (.common:BUSDATOS)
                  20000208    00000001     (.common:ring_o)
                  20000209    00000001     (.common:str)

.data      0    2000020c    0000000c     UNINITIALIZED
                  2000020c    00000005     uartstdio.obj (.data)
                  20000211    00000003     --HOLE--
                  20000214    00000004     main.obj (.data)

.stack     0    20000000    00000200     UNINITIALIZED
                  20000000    00000004     rtsv7M4_T_le_v4SPD16_eabi.lib : boot_cortex_m.c.obj (.stack)
                  20000004    000001fc     --HOLE--

__llvm_prf_cnts 
*          0    20000000    00000000     UNINITIALIZED

MODULE SUMMARY

       Module                         code   ro data   rw data
       ------                         ----   -------   -------
    .\
       uartstdio.obj                  1244   46        5      
       main.obj                       940    0         14     
       tm4c123gh6pm_startup_ccs.obj   12     620       0      
    +--+------------------------------+------+---------+---------+
       Total:                         2196   666       19     
                                                              
    C:/ti/TivaWare_C_Series-2.1.4.178/driverlib/ccs/Debug/driverlib.lib
       sysctl.obj                     574    108       0      
       gpio.obj                       492    144       0      
       uart.obj                       30     0         0      
    +--+------------------------------+------+---------+---------+
       Total:                         1096   252       0      
                                                              
    C:\ti\ccs1040\ccs\tools\compiler\ti-cgt-arm_20.2.5.LTS\lib\rtsv7M4_T_le_v4SPD16_eabi.lib
       memcpy_t2.asm.obj              156    0         0      
       copy_decompress_lzss.c.obj     104    0         0      
       autoinit.c.obj                 68     0         0      
       u_divt2.asm.obj                64     0         0      
       boot_cortex_m.c.obj            52     0         0      
       copy_zero_init.c.obj           28     0         0      
       copy_decompress_none.c.obj     14     0         0      
       exit.c.obj                     4      0         0      
       pre_init.c.obj                 4      0         0      
       div0.asm.obj                   2      0         0      
    +--+------------------------------+------+---------+---------+
       Total:                         496    0         0      
                                                              
       Stack:                         0      0         512    
       Linker Generated:              0      43        0      
    +--+------------------------------+------+---------+---------+
       Grand Total:                   3788   961       531    


LINKER GENERATED COPY TABLES

__TI_cinit_table @ 00001288 records: 2, size/record: 8, table size: 16
	.bss: load addr=00001278, load size=00000008 bytes, run addr=20000200, run size=0000000a bytes, compression=zero_init
	.data: load addr=00001280, load size=00000007 bytes, run addr=2000020c, run size=0000000c bytes, compression=lzss


LINKER GENERATED HANDLER TABLE

__TI_handler_table @ 00001268 records: 3, size/record: 4, table size: 12
	index: 0, handler: __TI_decompress_lzss
	index: 1, handler: __TI_decompress_none
	index: 2, handler: __TI_zero_init


GLOBAL SYMBOLS: SORTED ALPHABETICALLY BY Name 

address   name                          
-------   ----                          
20000200  BUSDATOS                      
00001135  C$$EXIT                       
00001065  GPIODirModeSet                
00000af5  GPIOPadConfigSet              
00000f31  GPIOPinConfigure              
00001119  GPIOPinRead                   
000010c3  GPIOPinTypeGPIOInput          
000010ab  GPIOPinTypeGPIOOutput         
000010d5  GPIOPinTypeUART               
0000111f  GPIOPinWrite                  
0000077b  InitConsole                   
00001103  ResetISR                      
00000c29  SysCtlClockGet                
00000d39  SysCtlClockSet                
00001125  SysCtlDelay                   
00000ffd  SysCtlPeripheralEnable        
0000110f  UARTCharGet                   
000010e7  UARTCharsAvail                
0000112b  UARTClockSourceSet            
0000026d  UARTStdioConfig               
000003e5  UARTgetc                      
0000031f  UARTgets                      
00000713  UARTprintf                    
00000419  UARTvprintf                   
000002cd  UARTwrite                     
20000200  __STACK_END                   
00000200  __STACK_SIZE                  
20000200  __STACK_TOP                   
00001288  __TI_CINIT_Base               
00001298  __TI_CINIT_Limit              
00001268  __TI_Handler_Table_Base       
00001274  __TI_Handler_Table_Limit      
00000f79  __TI_auto_init_nobinit_nopinit
00000ec9  __TI_decompress_lzss          
000010f5  __TI_decompress_none          
ffffffff  __TI_pprof_out_hndl           
ffffffff  __TI_prof_data_size           
ffffffff  __TI_prof_data_start          
00000000  __TI_static_base__            
0000108f  __TI_zero_init_nomemset       
00000c27  __aeabi_idiv0                 
00000c27  __aeabi_ldiv0                 
00000e2d  __aeabi_memcpy                
00000e2d  __aeabi_memcpy4               
00000e2d  __aeabi_memcpy8               
00000fbd  __aeabi_uidiv                 
00000fbd  __aeabi_uidivmod              
ffffffff  __binit__                     
ffffffff  __c_args__                    
UNDEFED   __mpu_init                    
20000000  __stack                       
20000000  __start___llvm_prf_cnts       
20000000  __stop___llvm_prf_cnts        
00001031  _c_int00_noargs               
UNDEFED   _system_post_cinit            
00001131  _system_pre_init              
00001135  abort                         
ffffffff  binit                         
00000749  delayMs                       
00000763  delayUs                       
00000000  g_pfnVectors                  
000007b7  main                          
00000e2d  memcpy                        
20000208  ring_o                        
20000209  str                           
20000214  x                             


GLOBAL SYMBOLS: SORTED BY Symbol Address 

address   name                          
-------   ----                          
00000000  __TI_static_base__            
00000000  g_pfnVectors                  
00000200  __STACK_SIZE                  
0000026d  UARTStdioConfig               
000002cd  UARTwrite                     
0000031f  UARTgets                      
000003e5  UARTgetc                      
00000419  UARTvprintf                   
00000713  UARTprintf                    
00000749  delayMs                       
00000763  delayUs                       
0000077b  InitConsole                   
000007b7  main                          
00000af5  GPIOPadConfigSet              
00000c27  __aeabi_idiv0                 
00000c27  __aeabi_ldiv0                 
00000c29  SysCtlClockGet                
00000d39  SysCtlClockSet                
00000e2d  __aeabi_memcpy                
00000e2d  __aeabi_memcpy4               
00000e2d  __aeabi_memcpy8               
00000e2d  memcpy                        
00000ec9  __TI_decompress_lzss          
00000f31  GPIOPinConfigure              
00000f79  __TI_auto_init_nobinit_nopinit
00000fbd  __aeabi_uidiv                 
00000fbd  __aeabi_uidivmod              
00000ffd  SysCtlPeripheralEnable        
00001031  _c_int00_noargs               
00001065  GPIODirModeSet                
0000108f  __TI_zero_init_nomemset       
000010ab  GPIOPinTypeGPIOOutput         
000010c3  GPIOPinTypeGPIOInput          
000010d5  GPIOPinTypeUART               
000010e7  UARTCharsAvail                
000010f5  __TI_decompress_none          
00001103  ResetISR                      
0000110f  UARTCharGet                   
00001119  GPIOPinRead                   
0000111f  GPIOPinWrite                  
00001125  SysCtlDelay                   
0000112b  UARTClockSourceSet            
00001131  _system_pre_init              
00001135  C$$EXIT                       
00001135  abort                         
00001268  __TI_Handler_Table_Base       
00001274  __TI_Handler_Table_Limit      
00001288  __TI_CINIT_Base               
00001298  __TI_CINIT_Limit              
20000000  __stack                       
20000000  __start___llvm_prf_cnts       
20000000  __stop___llvm_prf_cnts        
20000200  BUSDATOS                      
20000200  __STACK_END                   
20000200  __STACK_TOP                   
20000208  ring_o                        
20000209  str                           
20000214  x                             
ffffffff  __TI_pprof_out_hndl           
ffffffff  __TI_prof_data_size           
ffffffff  __TI_prof_data_start          
ffffffff  __binit__                     
ffffffff  __c_args__                    
ffffffff  binit                         
UNDEFED   __mpu_init                    
UNDEFED   _system_post_cinit            

[66 symbols]
