******************************************************************************
                  TI ARM Linker PC v20.2.5                     
******************************************************************************
>> Linked Mon Dec  5 23:07:14 2022

OUTPUT FILE NAME:   <EL_GRAN_JAGUAR.out>
ENTRY POINT SYMBOL: "_c_int00_noargs"  address: 00000fed


MEMORY CONFIGURATION

         name            origin    length      used     unused   attr    fill
----------------------  --------  ---------  --------  --------  ----  --------
  FLASH                 00000000   00040000  0000121c  0003ede4  R  X
  SRAM                  20000000   00008000  00000205  00007dfb  RW X


SEGMENT ALLOCATION MAP

run origin  load origin   length   init length attrs members
----------  ----------- ---------- ----------- ----- -------
00000000    00000000    00001220   00001220    r-x
  00000000    00000000    0000026c   0000026c    r-- .intvecs
  0000026c    0000026c    00000e6c   00000e6c    r-x .text
  000010d8    000010d8    0000012c   0000012c    r-- .const
  00001208    00001208    00000018   00000018    r-- .cinit
20000000    20000000    00000205   00000000    rw-
  20000000    20000000    00000200   00000000    rw- .stack
  20000200    20000200    00000005   00000000    rw- .data


SECTION ALLOCATION MAP

 output                                  attributes/
section   page    origin      length       input sections
--------  ----  ----------  ----------   ----------------
.intvecs   0    00000000    0000026c     
                  00000000    0000026c     tm4c123gh6pm_startup_ccs.obj (.intvecs)

.text      0    0000026c    00000e6c     
                  0000026c    000004dc     uartstdio.obj (.text)
                  00000748    00000368     main.obj (.text)
                  00000ab0    00000132     driverlib.lib : gpio.obj (.text:GPIOPadConfigSet)
                  00000be2    00000002     rtsv7M4_T_le_v4SPD16_eabi.lib : div0.asm.obj (.text)
                  00000be4    00000110     driverlib.lib : sysctl.obj (.text:SysCtlClockGet)
                  00000cf4    000000f4                   : sysctl.obj (.text:SysCtlClockSet)
                  00000de8    0000009c     rtsv7M4_T_le_v4SPD16_eabi.lib : memcpy_t2.asm.obj (.text)
                  00000e84    00000068                                   : copy_decompress_lzss.c.obj (.text:decompress:lzss:__TI_decompress_lzss)
                  00000eec    00000048     driverlib.lib : gpio.obj (.text:GPIOPinConfigure)
                  00000f34    00000044     rtsv7M4_T_le_v4SPD16_eabi.lib : autoinit.c.obj (.text:__TI_auto_init_nobinit_nopinit:__TI_auto_init_nobinit_nopinit)
                  00000f78    00000040                                   : u_divt2.asm.obj (.text)
                  00000fb8    00000034     driverlib.lib : sysctl.obj (.text:SysCtlPeripheralEnable)
                  00000fec    00000034     rtsv7M4_T_le_v4SPD16_eabi.lib : boot_cortex_m.c.obj (.text:_c_int00_noargs:_c_int00_noargs)
                  00001020    0000002a     driverlib.lib : gpio.obj (.text:GPIODirModeSet)
                  0000104a    00000018                   : gpio.obj (.text:GPIOPinTypeGPIOOutput)
                  00001062    00000012                   : gpio.obj (.text:GPIOPinTypeGPIOInput)
                  00001074    00000012                   : gpio.obj (.text:GPIOPinTypeUART)
                  00001086    0000000e                   : uart.obj (.text:UARTCharsAvail)
                  00001094    0000000e     rtsv7M4_T_le_v4SPD16_eabi.lib : copy_decompress_none.c.obj (.text:decompress:none:__TI_decompress_none)
                  000010a2    0000000c     tm4c123gh6pm_startup_ccs.obj (.text)
                  000010ae    0000000a     driverlib.lib : uart.obj (.text:UARTCharGet)
                  000010b8    00000006                   : gpio.obj (.text:GPIOPinRead)
                  000010be    00000006                   : gpio.obj (.text:GPIOPinWrite)
                  000010c4    00000006                   : sysctl.obj (.text:SysCtlDelay)
                  000010ca    00000006                   : uart.obj (.text:UARTClockSourceSet)
                  000010d0    00000004     rtsv7M4_T_le_v4SPD16_eabi.lib : pre_init.c.obj (.text:_system_pre_init)
                  000010d4    00000004                                   : exit.c.obj (.text:abort:abort)

.const     0    000010d8    0000012c     
                  000010d8    00000090     driverlib.lib : gpio.obj (.const:g_pui32GPIOBaseAddrs)
                  00001168    0000006c                   : sysctl.obj (.const:g_pui32Xtals)
                  000011d4    00000012     uartstdio.obj (.const:.string)
                  000011e6    00000002     --HOLE-- [fill = 0]
                  000011e8    0000000c     uartstdio.obj (.const:g_ui32UARTBase)
                  000011f4    0000000c     uartstdio.obj (.const:g_ui32UARTPeriph)
                  00001200    00000004     uartstdio.obj (.const)

.cinit     0    00001208    00000018     
                  00001208    00000008     (__TI_handler_table)
                  00001210    00000007     (.cinit..data.load) [load image, compression = lzss]
                  00001217    00000001     --HOLE-- [fill = 0]
                  00001218    00000008     (__TI_cinit_table)

.init_array 
*          0    00000000    00000000     UNINITIALIZED

.data      0    20000200    00000005     UNINITIALIZED
                  20000200    00000005     uartstdio.obj (.data)

.stack     0    20000000    00000200     UNINITIALIZED
                  20000000    00000004     rtsv7M4_T_le_v4SPD16_eabi.lib : boot_cortex_m.c.obj (.stack)
                  20000004    000001fc     --HOLE--

__llvm_prf_cnts 
*          0    20000000    00000000     UNINITIALIZED

MODULE SUMMARY

       Module                         code   ro data   rw data
       ------                         ----   -------   -------
    .\
       uartstdio.obj                  1244   46        5      
       main.obj                       872    0         0      
       tm4c123gh6pm_startup_ccs.obj   12     620       0      
    +--+------------------------------+------+---------+---------+
       Total:                         2128   666       5      
                                                              
    C:/ti/TivaWare_C_Series-2.1.4.178/driverlib/ccs/Debug/driverlib.lib
       sysctl.obj                     574    108       0      
       gpio.obj                       492    144       0      
       uart.obj                       30     0         0      
    +--+------------------------------+------+---------+---------+
       Total:                         1096   252       0      
                                                              
    C:\ti\ccs1040\ccs\tools\compiler\ti-cgt-arm_20.2.5.LTS\lib\rtsv7M4_T_le_v4SPD16_eabi.lib
       memcpy_t2.asm.obj              156    0         0      
       copy_decompress_lzss.c.obj     104    0         0      
       autoinit.c.obj                 68     0         0      
       u_divt2.asm.obj                64     0         0      
       boot_cortex_m.c.obj            52     0         0      
       copy_decompress_none.c.obj     14     0         0      
       exit.c.obj                     4      0         0      
       pre_init.c.obj                 4      0         0      
       div0.asm.obj                   2      0         0      
    +--+------------------------------+------+---------+---------+
       Total:                         468    0         0      
                                                              
       Stack:                         0      0         512    
       Linker Generated:              0      23        0      
    +--+------------------------------+------+---------+---------+
       Grand Total:                   3692   941       517    


LINKER GENERATED COPY TABLES

__TI_cinit_table @ 00001218 records: 1, size/record: 8, table size: 8
	.data: load addr=00001210, load size=00000007 bytes, run addr=20000200, run size=00000005 bytes, compression=lzss


LINKER GENERATED HANDLER TABLE

__TI_handler_table @ 00001208 records: 2, size/record: 4, table size: 8
	index: 0, handler: __TI_decompress_lzss
	index: 1, handler: __TI_decompress_none


GLOBAL SYMBOLS: SORTED ALPHABETICALLY BY Name 

address   name                          
-------   ----                          
000010d5  C$$EXIT                       
00001021  GPIODirModeSet                
00000ab1  GPIOPadConfigSet              
00000eed  GPIOPinConfigure              
000010b9  GPIOPinRead                   
00001063  GPIOPinTypeGPIOInput          
0000104b  GPIOPinTypeGPIOOutput         
00001075  GPIOPinTypeUART               
000010bf  GPIOPinWrite                  
0000077b  InitConsole                   
000010a3  ResetISR                      
00000be5  SysCtlClockGet                
00000cf5  SysCtlClockSet                
000010c5  SysCtlDelay                   
00000fb9  SysCtlPeripheralEnable        
000010af  UARTCharGet                   
00001087  UARTCharsAvail                
000010cb  UARTClockSourceSet            
0000026d  UARTStdioConfig               
000003e5  UARTgetc                      
0000031f  UARTgets                      
00000713  UARTprintf                    
00000419  UARTvprintf                   
000002cd  UARTwrite                     
20000200  __STACK_END                   
00000200  __STACK_SIZE                  
20000200  __STACK_TOP                   
00001218  __TI_CINIT_Base               
00001220  __TI_CINIT_Limit              
00001208  __TI_Handler_Table_Base       
00001210  __TI_Handler_Table_Limit      
00000f35  __TI_auto_init_nobinit_nopinit
00000e85  __TI_decompress_lzss          
00001095  __TI_decompress_none          
ffffffff  __TI_pprof_out_hndl           
ffffffff  __TI_prof_data_size           
ffffffff  __TI_prof_data_start          
00000000  __TI_static_base__            
00000be3  __aeabi_idiv0                 
00000be3  __aeabi_ldiv0                 
00000de9  __aeabi_memcpy                
00000de9  __aeabi_memcpy4               
00000de9  __aeabi_memcpy8               
00000f79  __aeabi_uidiv                 
00000f79  __aeabi_uidivmod              
ffffffff  __binit__                     
ffffffff  __c_args__                    
UNDEFED   __mpu_init                    
20000000  __stack                       
20000000  __start___llvm_prf_cnts       
20000000  __stop___llvm_prf_cnts        
00000fed  _c_int00_noargs               
UNDEFED   _system_post_cinit            
000010d1  _system_pre_init              
000010d5  abort                         
ffffffff  binit                         
00000749  delayMs                       
00000763  delayUs                       
00000000  g_pfnVectors                  
000007b7  main                          
00000de9  memcpy                        


GLOBAL SYMBOLS: SORTED BY Symbol Address 

address   name                          
-------   ----                          
00000000  __TI_static_base__            
00000000  g_pfnVectors                  
00000200  __STACK_SIZE                  
0000026d  UARTStdioConfig               
000002cd  UARTwrite                     
0000031f  UARTgets                      
000003e5  UARTgetc                      
00000419  UARTvprintf                   
00000713  UARTprintf                    
00000749  delayMs                       
00000763  delayUs                       
0000077b  InitConsole                   
000007b7  main                          
00000ab1  GPIOPadConfigSet              
00000be3  __aeabi_idiv0                 
00000be3  __aeabi_ldiv0                 
00000be5  SysCtlClockGet                
00000cf5  SysCtlClockSet                
00000de9  __aeabi_memcpy                
00000de9  __aeabi_memcpy4               
00000de9  __aeabi_memcpy8               
00000de9  memcpy                        
00000e85  __TI_decompress_lzss          
00000eed  GPIOPinConfigure              
00000f35  __TI_auto_init_nobinit_nopinit
00000f79  __aeabi_uidiv                 
00000f79  __aeabi_uidivmod              
00000fb9  SysCtlPeripheralEnable        
00000fed  _c_int00_noargs               
00001021  GPIODirModeSet                
0000104b  GPIOPinTypeGPIOOutput         
00001063  GPIOPinTypeGPIOInput          
00001075  GPIOPinTypeUART               
00001087  UARTCharsAvail                
00001095  __TI_decompress_none          
000010a3  ResetISR                      
000010af  UARTCharGet                   
000010b9  GPIOPinRead                   
000010bf  GPIOPinWrite                  
000010c5  SysCtlDelay                   
000010cb  UARTClockSourceSet            
000010d1  _system_pre_init              
000010d5  C$$EXIT                       
000010d5  abort                         
00001208  __TI_Handler_Table_Base       
00001210  __TI_Handler_Table_Limit      
00001218  __TI_CINIT_Base               
00001220  __TI_CINIT_Limit              
20000000  __stack                       
20000000  __start___llvm_prf_cnts       
20000000  __stop___llvm_prf_cnts        
20000200  __STACK_END                   
20000200  __STACK_TOP                   
ffffffff  __TI_pprof_out_hndl           
ffffffff  __TI_prof_data_size           
ffffffff  __TI_prof_data_start          
ffffffff  __binit__                     
ffffffff  __c_args__                    
ffffffff  binit                         
UNDEFED   __mpu_init                    
UNDEFED   _system_post_cinit            

[61 symbols]
